// Vitest Snapshot v1, https://vitest.dev/guide/snapshot.html

exports[`NextDrupalHealthCheck > should pass for a valid BACKEND_URL and invalid auth 1`] = `
[
  "No .env* file found, assuming production environment.",
  "Checking for PANTHEON_CMS_ENDPOINT or BACKEND_URL...",
  "‚é©‚úÖ BACKEND_URL is set!",
  "Validating CMS endpoint...",
  "‚é©‚úÖ BACKEND_URL is valid!",
  "Validating Menu Item endpoint...",
  "‚é©‚úÖ Menu Items endpoint is valid!",
  "Validating Decoupled Router module...",
  "‚é©‚úÖ Decoupled Router is valid!",
  "Validating authentication...",
  "‚é©üí° CLIENT_ID is required for preview but is not set.",
  "‚é© Get the CLIENT_ID here: üîó https://drupal.test/admin/config/services/consumer",
  "‚é©üí° CLIENT_SECRET is required for preview but is not set.",
  "‚é© Set a new CLIENT_SECRET here by clicking edit: üîó https://drupal.test/admin/config/services/consumer",
  "‚é©üí° Auth not valid.",
  "‚é© Ensure the CLIENT_ID and CLIENT_SECRET are correct.",
  "‚é©‚è≠  Skipping preview endpoint validation -- authorization required.",
]
`;

exports[`NextDrupalHealthCheck > should pass for a valid PANTHEON_CMS_ENDPOINT and invalid auth 1`] = `
[
  "No .env* file found, assuming production environment.",
  "Checking for PANTHEON_CMS_ENDPOINT or BACKEND_URL...",
  "‚é©‚úÖ PANTHEON_CMS_ENDPOINT is set!",
  "Validating CMS endpoint...",
  "‚é©‚úÖ PANTHEON_CMS_ENDPOINT is valid!",
  "Validating Menu Item endpoint...",
  "‚é©‚úÖ Menu Items endpoint is valid!",
  "Validating Decoupled Router module...",
  "‚é©‚úÖ Decoupled Router is valid!",
  "Validating authentication...",
  "‚é©üí° CLIENT_ID is required for preview but is not set.",
  "‚é© Get the CLIENT_ID here: üîó https://drupal.test/admin/config/services/consumer",
  "‚é©üí° CLIENT_SECRET is required for preview but is not set.",
  "‚é© Set a new CLIENT_SECRET here by clicking edit: üîó https://drupal.test/admin/config/services/consumer",
  "‚é©üí° Auth not valid.",
  "‚é© Ensure the CLIENT_ID and CLIENT_SECRET are correct.",
  "‚é©‚è≠  Skipping preview endpoint validation -- authorization required.",
]
`;

exports[`NextDrupalHealthCheck > should pass for a valid backend and valid auth 1`] = `
[
  "No .env* file found, assuming production environment.",
  "Checking for PANTHEON_CMS_ENDPOINT or BACKEND_URL...",
  "‚é©‚úÖ PANTHEON_CMS_ENDPOINT is set!",
  "Validating CMS endpoint...",
  "‚é©‚úÖ PANTHEON_CMS_ENDPOINT is valid!",
  "Validating Menu Item endpoint...",
  "‚é©‚úÖ Menu Items endpoint is valid!",
  "Validating Decoupled Router module...",
  "‚é©‚úÖ Decoupled Router is valid!",
  "Validating authentication...",
  "‚é©‚úÖ Auth is valid!",
  "Checking for PREVIEW_SECRET...",
  "‚é©‚úÖ PREVIEW_SECRET is set.",
  "‚é©‚úÖ Preview is valid!",
]
`;

exports[`NextDrupalHealthCheck > should pass for a valid backend and valid auth but no preview secret 1`] = `
[
  "No .env* file found, assuming production environment.",
  "Checking for PANTHEON_CMS_ENDPOINT or BACKEND_URL...",
  "‚é©‚úÖ PANTHEON_CMS_ENDPOINT is set!",
  "Validating CMS endpoint...",
  "‚é©‚úÖ PANTHEON_CMS_ENDPOINT is valid!",
  "Validating Menu Item endpoint...",
  "‚é©‚úÖ Menu Items endpoint is valid!",
  "Validating Decoupled Router module...",
  "‚é©‚úÖ Decoupled Router is valid!",
  "Validating authentication...",
  "‚é©‚úÖ Auth is valid!",
  "Checking for PREVIEW_SECRET...",
  "‚é©üí° PREVIEW_SECRET env var is not set.",
  "‚é© To set a new secret, go to üîó https://drupal.test/admin/structure/dp-preview-site and edit the preview site you want to use.",
  "‚è≠  Skipping preview endpoint validation -- PREVIEW_SECRET required.",
]
`;

exports[`NextDrupalHealthCheck > should show a helpful error message if the backend is invalid 1`] = `
[
  "No .env* file found, assuming production environment.",
  "Checking for PANTHEON_CMS_ENDPOINT or BACKEND_URL...",
  "‚é©‚úÖ PANTHEON_CMS_ENDPOINT is set!",
  "Validating CMS endpoint...",
  "‚é©‚ùå PANTHEON_CMS_ENDPOINT could not be fetched from.
Check that invalid.drupal.test is valid and provides a 200 response",
]
`;

exports[`NextDrupalHealthCheck > should show a helpful error message if the decoupled router is not available 1`] = `
[
  "No .env* file found, assuming production environment.",
  "Checking for PANTHEON_CMS_ENDPOINT or BACKEND_URL...",
  "‚é©‚úÖ PANTHEON_CMS_ENDPOINT is set!",
  "Validating CMS endpoint...",
  "‚é©‚úÖ PANTHEON_CMS_ENDPOINT is valid!",
  "Validating Menu Item endpoint...",
  "‚é©‚úÖ Menu Items endpoint is valid!",
  "Validating Decoupled Router module...",
  "‚é©‚ùå Decoupled Router not detected for PANTHEON_CMS_ENDPOINT.
Check that invalid.drupal.test is valid and provides a 200 response.
Also ensure that the Decoupled Router module is enabled.",
]
`;
