// Vitest Snapshot v1, https://vitest.dev/guide/snapshot.html

exports[`<Footer /> > should render Footer 1`] = `
<DocumentFragment>
  <footer
    class="rk-bg-neutral-800 rk-text-center rk-text-white"
  >
    <div
      class="rk-text-base rk-font-bold"
    >
      Test Company
    </div>
    <div
      class="rk-pb-8 rk-text-base"
    >
      Â© Test 2023
    </div>
    <div
      class="rk-pb-16 rk-text-sm"
    >
      Built with 
      <a
        class="rk-underline"
        href="https://test.io"
      >
        Test.io
      </a>
    </div>
  </footer>
</DocumentFragment>
`;
