// Vitest Snapshot v1

exports[`umami <HomepageTemplate /> > should render with umami profile articles 1`] = `
<DocumentFragment>
  <div
    class="min-h-screen max-h-screen min-w-screen max-w-screen flex flex-col"
  >
    <div
      class="my-0 pt-10 px-5 text-xl"
    >
      <nav>
        <ul
          class="flex flex-row flex-wrap sm:flex-nowrap list-none justify-between max-w-screen-sm mx-auto"
        >
          <li
            class="mr-auto"
          >
            <a
              class="hover:underline"
              href="/"
            >
              üè† Home
            </a>
          </li>
          <li
            class="mx-4"
          >
            <a
              class="hover:underline"
              href="/articles"
            >
              üì∞ Articles
            </a>
          </li>
          <li
            class="mx-4"
          >
            <a
              class="hover:underline"
              href="/pages"
            >
              üìë Pages
            </a>
          </li>
          <li
            class="mx-4"
          >
            <a
              class="hover:underline"
              href="/examples"
            >
              ‚öõÔ∏è Examples
            </a>
          </li>
        </ul>
      </nav>
    </div>
    <main
      class="mb-auto"
    >
      <div
        class="prose sm:prose-xl mt-20 flex flex-col mx-auto max-w-fit"
      >
        <h1
          class="prose text-4xl text-center h-full"
        >
          Welcome to 
          <a
            class="text-blue-600 no-underline hover:underline"
            href="https://nextjs.org"
          >
            Next.js!
          </a>
        </h1>
        <div
          class="text-2xl"
        >
          <div
            class="bg-black text-white rounded flex items-center justify-center p-4"
          >
            Decoupled Drupal on 
            <img
              alt="Pantheon Logo"
              src="/pantheon.png"
              width="191"
            />
          </div>
        </div>
      </div>
      <section>
        <h2
          class="text-xl text-center mt-14"
        >
          No articles found üèú
        </h2>
      </section>
    </main>
    <footer
      class="w-full text-white bg-black p-4 mt-12"
    >
      <nav
        class="flex flex-col max-w-lg mx-auto lg:max-w-screen-lg"
      >
        <ul>
          <li
            class="list-disc text-blue-300 ml-3"
          >
            <a
              class="text-blue-300 hover:underline hover:text-blue-100 focus:text-purple-600 active:text-purple-300"
              href="/en"
            >
              Home
            </a>
          </li>
          <li
            class="list-disc text-blue-300 ml-3"
          >
            <a
              class="text-blue-300 hover:underline hover:text-blue-100 focus:text-purple-600 active:text-purple-300"
              href="/en/articles"
            >
              Articles
            </a>
          </li>
          <li
            class="list-disc text-blue-300 ml-3"
          >
            <a
              class="text-blue-300 hover:underline hover:text-blue-100 focus:text-purple-600 active:text-purple-300"
              href="/en/recipes"
            >
              Recipes
            </a>
          </li>
        </ul>
      </nav>
      <div
        class="flex my-4 p-2"
      >
        <span
          class="mx-auto"
        >
          ¬© 2022 Built with 
          <a
            class="text-white hover:text-blue-100 underline"
            href="https://nextjs.org/"
          >
            Next.js
          </a>
           and 
          <a
            class="text-blue-500 underline hover:text-blue-100"
            href="https://www.drupal.org/"
          >
            Drupal
          </a>
        </span>
      </div>
    </footer>
  </div>
</DocumentFragment>
`;
